[2026-05-03 17:50:22.096069] [openram.globals/init_openram]: Initializing OpenRAM...
[2026-05-03 17:50:22.097100] [openram.globals/setup_paths]: OpenRAM source code found in /home/ajay/OpenRAM/compiler
[2026-05-03 17:50:22.097281] [openram.globals/setup_paths]: Temporary files saved in /home/ajay/OpenRAM/macros/sky130_sram_1kbyte_1rw_32x256_32/tmp/
[2026-05-03 17:50:22.097472] [openram.globals/read_config]: Configuration file is /home/ajay/OpenRAM/macros/sram_configs/sky130_sram_1kbyte_1rw_32x256_32.py
[2026-05-03 17:50:22.099430] [openram.globals/read_config]: Output saved in /home/ajay/OpenRAM/macros/sky130_sram_1kbyte_1rw_32x256_32/
[2026-05-03 17:50:22.099592] [openram.globals/install_conda]: Creating conda setup...
[2026-05-03 17:50:22.103103] [openram.globals/import_tech]: Tech directory found in /home/ajay/OpenRAM/technology:/home/ajay/OpenRAM/compiler/../technology
[2026-05-03 17:50:22.103307] [openram.globals/import_tech]: Adding technology path: /home/ajay/OpenRAM/technology
[2026-05-03 17:50:22.103450] [openram.globals/import_tech]: Adding technology path: /home/ajay/OpenRAM/compiler/../technology
[2026-05-03 17:50:22.108678] [openram.globals/purge_temp]: Purging temp directory: /home/ajay/OpenRAM/macros/sky130_sram_1kbyte_1rw_32x256_32/tmp/
[2026-05-03 17:50:22.247631] [openram.globals/setup_bitcell]: Using bitcell: bitcell_1port
[2026-05-03 17:50:21.470069] [openram.characterizer/<module>]: Initializing characterizer...
[2026-05-03 17:50:21.478251] [openram.characterizer/<module>]: Analytical model enabled.
[2026-05-03 17:50:21.487748] [openram.verify/<module>]: Initializing verify...
[2026-05-03 17:50:21.495662] [openram.verify/<module>]: LVS/DRC/PEX disabled.
[2026-05-03 17:50:21.497175] [openram.globals/setup_bitcell]: Using bitcell: bitcell_1port
[2026-05-03 17:50:21.497255] |==============================================================================|
[2026-05-03 17:50:21.497302] |=========                      OpenRAM v1.2.49                       =========|
[2026-05-03 17:50:21.497365] |=========                                                            =========|
[2026-05-03 17:50:21.497415] |=========               VLSI Design and Automation Lab               =========|
[2026-05-03 17:50:21.497475] |=========        Computer Science and Engineering Department         =========|
[2026-05-03 17:50:21.497531] |=========            University of California Santa Cruz             =========|
[2026-05-03 17:50:21.497569] |=========                                                            =========|
[2026-05-03 17:50:21.497609] |=========          Usage help: openram-user-group@ucsc.edu           =========|
[2026-05-03 17:50:21.497676] |=========        Development help: openram-dev-group@ucsc.edu        =========|
[2026-05-03 17:50:21.497728] |=========                See LICENSE for license info                =========|
[2026-05-03 17:50:21.497772] |==============================================================================|
[2026-05-03 17:50:21.497836] ** Start: 05/03/2026 17:50:21
[2026-05-03 17:50:21.497906] Technology: sky130
[2026-05-03 17:50:21.497962] Total size: 8192 bits
[2026-05-03 17:50:21.498032] Word size: 32
Words: 256
Banks: 1
[2026-05-03 17:50:21.498087] RW ports: 1
R-only ports: 0
W-only ports: 0
[2026-05-03 17:50:21.498152] Design supply routing skipped. Supplies will have multiple must-connect pins. (route_supplies=True to enable supply routing).
[2026-05-03 17:50:21.498229] DRC/LVS/PEX is only run on the top-level design to save run-time (inline_lvsdrc=True to do inline checking).
[2026-05-03 17:50:21.498284] DRC/LVS/PEX is disabled (check_lvsdrc=True to enable).
[2026-05-03 17:50:21.498305] Characterization is disabled (using analytical delay models) (analytical_delay=False to simulate).
[2026-05-03 17:50:21.498324] Only generating nominal corner timing.
[2026-05-03 17:50:21.498359] Words per row: 4
[2026-05-03 17:50:21.498416] Output files are: 
[2026-05-03 17:50:21.498462] /home/ajay/OpenRAM/macros/sky130_sram_1kbyte_1rw_32x256_32/sky130_sram_1kbyte_1rw_32x256_32.lvs
[2026-05-03 17:50:21.498502] /home/ajay/OpenRAM/macros/sky130_sram_1kbyte_1rw_32x256_32/sky130_sram_1kbyte_1rw_32x256_32.sp
[2026-05-03 17:50:21.498564] /home/ajay/OpenRAM/macros/sky130_sram_1kbyte_1rw_32x256_32/sky130_sram_1kbyte_1rw_32x256_32.v
[2026-05-03 17:50:21.498609] /home/ajay/OpenRAM/macros/sky130_sram_1kbyte_1rw_32x256_32/sky130_sram_1kbyte_1rw_32x256_32.lib
[2026-05-03 17:50:21.498652] /home/ajay/OpenRAM/macros/sky130_sram_1kbyte_1rw_32x256_32/sky130_sram_1kbyte_1rw_32x256_32.py
[2026-05-03 17:50:21.498696] /home/ajay/OpenRAM/macros/sky130_sram_1kbyte_1rw_32x256_32/sky130_sram_1kbyte_1rw_32x256_32.html
[2026-05-03 17:50:21.498740] /home/ajay/OpenRAM/macros/sky130_sram_1kbyte_1rw_32x256_32/sky130_sram_1kbyte_1rw_32x256_32.log
[2026-05-03 17:50:21.498785] /home/ajay/OpenRAM/macros/sky130_sram_1kbyte_1rw_32x256_32/sky130_sram_1kbyte_1rw_32x256_32.lef
[2026-05-03 17:50:21.498829] /home/ajay/OpenRAM/macros/sky130_sram_1kbyte_1rw_32x256_32/sky130_sram_1kbyte_1rw_32x256_32.gds
[2026-05-03 17:50:21.510880] [openram.sram_config/recompute_sizes]: Recomputing with words per row: 4
[2026-05-03 17:50:21.511102] [openram.sram_config/recompute_sizes]: Rows: 64 Cols: 128
[2026-05-03 17:50:21.511272] [openram.sram_config/recompute_sizes]: Row addr size: 7 Col addr size: 2 Bank addr size: 9
[2026-05-03 17:50:21.511417] [openram.sram_config/compute_sizes]: Set SRAM Words Per Row=4
[2026-05-03 17:50:21.531358] [openram.modules.bitcell_base_array/__init__]: Creating sky130_sram_1kbyte_1rw_32x256_32_sky130_capped_replica_bitcell_array 65 x 129
[2026-05-03 17:50:21.531771] [openram.custom.sky130_bitcell_base_array/__init__]: Creating sky130_sram_1kbyte_1rw_32x256_32_sky130_capped_replica_bitcell_array 65 x 129
[2026-05-03 17:50:21.535334] [openram.custom.sky130_capped_replica_bitcell_array/__init__]: Creating sky130_sram_1kbyte_1rw_32x256_32_sky130_capped_replica_bitcell_array 65 x 129 rbls: [1, 0] left_rbl: [0] right_rbl: []
[2026-05-03 17:50:21.541533] [openram.modules.bitcell_base_array/__init__]: Creating sky130_sram_1kbyte_1rw_32x256_32_sky130_replica_bitcell_array 65 x 129
[2026-05-03 17:50:21.542391] [openram.custom.sky130_bitcell_base_array/__init__]: Creating sky130_sram_1kbyte_1rw_32x256_32_sky130_replica_bitcell_array 65 x 129
[2026-05-03 17:50:21.542916] [openram.custom.replica_bitcell_array/__init__]: Creating sky130_sram_1kbyte_1rw_32x256_32_sky130_replica_bitcell_array 65 x 129 rbls: [1, 0] left_rbl: [0] right_rbl: []
[2026-05-03 17:50:21.546045] [openram.modules.bitcell_base_array/__init__]: Creating sky130_sram_1kbyte_1rw_32x256_32_sky130_bitcell_array 65 x 129
[2026-05-03 17:50:21.546489] [openram.custom.sky130_bitcell_base_array/__init__]: Creating sky130_sram_1kbyte_1rw_32x256_32_sky130_bitcell_array 65 x 129
[2026-05-03 17:50:21.546842] [openram.custom.sky130_bitcell_array/__init__]: Creating sky130_sram_1kbyte_1rw_32x256_32_sky130_bitcell_array 65 x 129
[2026-05-03 17:53:05.295538] [openram.modules.bitcell_base_array/__init__]: Creating sky130_sram_1kbyte_1rw_32x256_32_sky130_replica_column 66 x 1
[2026-05-03 17:53:05.295984] [openram.custom.sky130_bitcell_base_array/__init__]: Creating sky130_sram_1kbyte_1rw_32x256_32_sky130_replica_column 66 x 1
[2026-05-03 17:53:05.387520] [openram.modules.bitcell_base_array/__init__]: Creating sky130_sram_1kbyte_1rw_32x256_32_sky130_dummy_array 1 x 129
[2026-05-03 17:53:05.387998] [openram.custom.sky130_bitcell_base_array/__init__]: Creating sky130_sram_1kbyte_1rw_32x256_32_sky130_dummy_array 1 x 129
[2026-05-03 17:53:05.507674] [openram.modules.bitcell_base_array/__init__]: Creating sky130_sram_1kbyte_1rw_32x256_32_sky130_col_cap_array 1 x 129
[2026-05-03 17:53:05.508082] [openram.custom.sky130_bitcell_base_array/__init__]: Creating sky130_sram_1kbyte_1rw_32x256_32_sky130_col_cap_array 1 x 129
[2026-05-03 17:53:08.745045] [openram.modules.bitcell_base_array/__init__]: Creating sky130_sram_1kbyte_1rw_32x256_32_sky130_col_cap_array_0 1 x 129
[2026-05-03 17:53:08.745552] [openram.custom.sky130_bitcell_base_array/__init__]: Creating sky130_sram_1kbyte_1rw_32x256_32_sky130_col_cap_array_0 1 x 129
[2026-05-03 17:53:12.002759] [openram.modules.bitcell_base_array/__init__]: Creating sky130_sram_1kbyte_1rw_32x256_32_sky130_row_cap_array 66 x 1
[2026-05-03 17:53:12.003173] [openram.custom.sky130_bitcell_base_array/__init__]: Creating sky130_sram_1kbyte_1rw_32x256_32_sky130_row_cap_array 66 x 1
[2026-05-03 17:53:12.030403] [openram.modules.bitcell_base_array/__init__]: Creating sky130_sram_1kbyte_1rw_32x256_32_sky130_row_cap_array_0 66 x 1
[2026-05-03 17:53:12.030933] [openram.custom.sky130_bitcell_base_array/__init__]: Creating sky130_sram_1kbyte_1rw_32x256_32_sky130_row_cap_array_0 66 x 1
[2026-05-03 17:53:12.324008] [openram.modules.and2_dec/__init__]: Creating and2_dec and2_dec
[2026-05-03 17:53:12.334017] [openram.modules.and3_dec/__init__]: Creating and3_dec and3_dec
[2026-05-03 17:53:12.362848] [openram.modules.and4_dec/__init__]: Creating and4_dec and4_dec
[2026-05-03 17:53:12.521157] [openram.modules.wordline_driver_array/__init__]: Creating sky130_sram_1kbyte_1rw_32x256_32_wordline_driver_array
[2026-05-03 17:53:12.522189] [openram.modules.wordline_driver/__init__]: Creating wordline_driver wordline_driver
[2026-05-03 17:53:12.616139] [openram.modules.and2_dec/__init__]: Creating and2_dec and2_dec_0
[2026-05-03 17:53:12.648687] [openram.modules.precharge_array/__init__]: Creating sky130_sram_1kbyte_1rw_32x256_32_precharge_array
[2026-05-03 17:53:12.729106] [openram.modules.sense_amp_array/__init__]: Creating sky130_sram_1kbyte_1rw_32x256_32_sense_amp_array
[2026-05-03 17:53:12.769688] [openram.modules.column_mux_array/__init__]: Creating sky130_sram_1kbyte_1rw_32x256_32_column_mux_array
[2026-05-03 17:53:12.929655] [openram.modules.write_driver_array/__init__]: Creating sky130_sram_1kbyte_1rw_32x256_32_write_driver_array
[2026-05-03 17:53:13.208301] [openram.modules.pand2/__init__]: Creating pand2 pand2
[2026-05-03 17:53:13.213221] [openram.modules.pdriver/__init__]: creating pdriver pdriver
[2026-05-03 17:53:13.317619] [openram.modules.dff_array/__init__]: Creating sky130_sram_1kbyte_1rw_32x256_32_row_addr_dff rows=7 cols=1
[2026-05-03 17:53:13.323540] [openram.modules.dff_array/__init__]: Creating sky130_sram_1kbyte_1rw_32x256_32_col_addr_dff rows=1 cols=2
[2026-05-03 17:53:13.325227] [openram.modules.dff_array/__init__]: Creating sky130_sram_1kbyte_1rw_32x256_32_data_dff rows=1 cols=33
[2026-05-03 17:53:13.339020] [openram.modules.dff_array/__init__]: Creating sky130_sram_1kbyte_1rw_32x256_32_spare_wen_dff rows=1 cols=1
[2026-05-03 17:53:13.342891] [openram.modules.control_logic_base/__init__]: Creating control_logic_rw
[2026-05-03 17:53:13.343894] [openram.modules.dff_buf/__init__]: Creating sky130_sram_1kbyte_1rw_32x256_32_dff_buf
[2026-05-03 17:53:13.352659] [openram.modules.dff_buf_array/__init__]: Creating sky130_sram_1kbyte_1rw_32x256_32_dff_buf_array
[2026-05-03 17:53:13.353083] [openram.modules.dff_buf/__init__]: Creating sky130_sram_1kbyte_1rw_32x256_32_dff_buf_0
[2026-05-03 17:53:13.357212] [openram.modules.pand2/__init__]: Creating pand2 pand2_0
[2026-05-03 17:53:13.357679] [openram.modules.pdriver/__init__]: creating pdriver pdriver_0
[2026-05-03 17:53:13.364700] [openram.modules.pbuf/__init__]: creating pbuf with size of 129
[2026-05-03 17:53:13.402341] [openram.modules.pdriver/__init__]: creating pdriver pdriver_1
[2026-05-03 17:53:13.433823] [openram.modules.pdriver/__init__]: creating pdriver pdriver_2
[2026-05-03 17:53:13.446232] [openram.modules.pand3/__init__]: Creating pand3 pand3
[2026-05-03 17:53:13.449544] [openram.modules.pdriver/__init__]: creating pdriver pdriver_3
[2026-05-03 17:53:13.460451] [openram.modules.pand3/__init__]: Creating pand3 pand3_0
[2026-05-03 17:53:13.460958] [openram.modules.pdriver/__init__]: creating pdriver pdriver_4
[2026-05-03 17:53:13.465252] [openram.modules.pdriver/__init__]: creating pdriver pdriver_5
[2026-05-03 17:53:13.489670] [openram.modules.delay_chain/__init__]: creating delay chain [4, 4, 4, 4, 4, 4, 4, 4, 4]
[2026-05-03 17:53:13.530881] ** Submodules: 172.0 seconds
[2026-05-03 17:53:13.563613] ** Placement: 0.0 seconds
[2026-05-03 17:54:15.625008] [openram.base.hierarchy_layout/get_bbox]: Size: 465.765 x 203.675 with perimeter margin 0
[2026-05-03 17:54:15.819903] [openram.router.router_tech/__init__]: Minimum track width: 0.680
[2026-05-03 17:54:15.820148] [openram.router.router_tech/__init__]: Minimum track space: 0.300
[2026-05-03 17:54:15.820371] [openram.router.router_tech/__init__]: Minimum track wire width: 0.380
[2026-05-03 17:54:15.820583] [openram.router.signal_escape_router/route]: Running signal escape router...
[2026-05-03 17:55:32.820522] ** Routing: 139.3 seconds
[2026-05-03 17:55:32.855502] ** Verification: 0.0 seconds
[2026-05-03 17:55:32.855708] ** SRAM creation: 311.3 seconds
[2026-05-03 17:55:32.855777] SP: Writing to /home/ajay/OpenRAM/macros/sky130_sram_1kbyte_1rw_32x256_32/sky130_sram_1kbyte_1rw_32x256_32.sp
[2026-05-03 17:55:33.010267] [openram.characterizer.functional/__init__]: Random seed for functional simulation: 1777845333008775912
[2026-05-03 17:55:33.050821] ** Spice writing: 0.2 seconds
[2026-05-03 17:55:33.050955] DELAY: Writing stimulus...
[2026-05-03 17:55:34.165526] [openram.characterizer.delay/create_sen_and_bitline_path_measures]: self.bl_name = xsky130_sram_1kbyte_1rw_32x256_32.xbank0.bl_0_127
[2026-05-03 17:55:34.169168] ** DELAY: 1.1 seconds
[2026-05-03 17:55:34.310552] GDS: Writing to /home/ajay/OpenRAM/macros/sky130_sram_1kbyte_1rw_32x256_32/sky130_sram_1kbyte_1rw_32x256_32.gds
[2026-05-03 17:55:34.896867] ** GDS: 0.6 seconds
[2026-05-03 17:55:34.897019] LEF: Writing to /home/ajay/OpenRAM/macros/sky130_sram_1kbyte_1rw_32x256_32/sky130_sram_1kbyte_1rw_32x256_32.lef
[2026-05-03 17:55:34.910324] ** LEF: 0.0 seconds
[2026-05-03 17:55:34.910445] LVS: Writing to /home/ajay/OpenRAM/macros/sky130_sram_1kbyte_1rw_32x256_32/sky130_sram_1kbyte_1rw_32x256_32.lvs.sp
[2026-05-03 17:55:35.053178] ** LVS writing: 0.1 seconds
[2026-05-03 17:55:35.053365] LIB: Characterizing... 
[2026-05-03 17:55:35.055655] [openram.characterizer.lib/prepare_tables]: Slews: [0.00125 0.005   0.04   ]
[2026-05-03 17:55:35.055980] [openram.characterizer.lib/prepare_tables]: Loads: [ 1.7225  6.89   27.56  ]
[2026-05-03 17:55:35.056140] [openram.characterizer.lib/prepare_tables]: self.load_slews : [(1.7225, 0.00125), (6.89, 0.00125), (27.56, 0.00125), (1.7225, 0.005), (6.89, 0.005), (27.56, 0.005), (1.7225, 0.04), (6.89, 0.04), (27.56, 0.04)]
[2026-05-03 17:55:35.056305] [openram.characterizer.lib/characterize_corners]: Characterizing corners: [('TT', 1.8, 25)]
[2026-05-03 17:55:35.056471] [openram.characterizer.lib/characterize_corners]: Corner: ('TT', 1.8, 25)
[2026-05-03 17:55:35.056694] [openram.characterizer.lib/characterize_corners]: Writing to /home/ajay/OpenRAM/macros/sky130_sram_1kbyte_1rw_32x256_32/sky130_sram_1kbyte_1rw_32x256_32_TT_1p8V_25C.lib
[2026-05-03 17:55:36.185387] [openram.characterizer.elmore/analytical_power]: Dynamic Power: 46034097686.11739 mW
[2026-05-03 17:55:36.185696] [openram.characterizer.elmore/analytical_power]: Leakage Power: 0.008815 mW
[2026-05-03 17:55:36.185898] [openram.characterizer.elmore/get_lib_values]: Slew, Load, Delay(ns), Slew(ns)
[2026-05-03 17:55:36.186262] [openram.characterizer.elmore/get_lib_values]: 0.00125, 1.7225, 0.331765173693494, 0.00167765625
[2026-05-03 17:55:36.186563] [openram.characterizer.elmore/get_lib_values]: 0.00125, 6.89, 0.36083236119349404, 0.004584374999999999
[2026-05-03 17:55:36.186868] [openram.characterizer.elmore/get_lib_values]: 0.00125, 27.56, 0.47710111119349397, 0.016211249999999996
[2026-05-03 17:55:36.187159] [openram.characterizer.elmore/get_lib_values]: 0.005, 1.7225, 0.331765173693494, 0.00167765625
[2026-05-03 17:55:36.187471] [openram.characterizer.elmore/get_lib_values]: 0.005, 6.89, 0.36083236119349404, 0.004584374999999999
[2026-05-03 17:55:36.187848] [openram.characterizer.elmore/get_lib_values]: 0.005, 27.56, 0.47710111119349397, 0.016211249999999996
[2026-05-03 17:55:36.188205] [openram.characterizer.elmore/get_lib_values]: 0.04, 1.7225, 0.331765173693494, 0.00167765625
[2026-05-03 17:55:36.188475] [openram.characterizer.elmore/get_lib_values]: 0.04, 6.89, 0.36083236119349404, 0.004584374999999999
[2026-05-03 17:55:36.188777] [openram.characterizer.elmore/get_lib_values]: 0.04, 27.56, 0.47710111119349397, 0.016211249999999996
[2026-05-03 17:55:36.208158] ** Characterization: 1.2 seconds
[2026-05-03 17:55:36.208425] Config: Writing to /home/ajay/OpenRAM/macros/sky130_sram_1kbyte_1rw_32x256_32/sky130_sram_1kbyte_1rw_32x256_32.py
[2026-05-03 17:55:36.208479] ** Config: 0.0 seconds
[2026-05-03 17:55:36.210570] Datasheet: Writing to /home/ajay/OpenRAM/macros/sky130_sram_1kbyte_1rw_32x256_32/sky130_sram_1kbyte_1rw_32x256_32.html
[2026-05-03 17:55:36.212817] ** Datasheet: 0.0 seconds
[2026-05-03 17:55:36.212884] Verilog: Writing to /home/ajay/OpenRAM/macros/sky130_sram_1kbyte_1rw_32x256_32/sky130_sram_1kbyte_1rw_32x256_32.v
[2026-05-03 17:55:36.213068] ** Verilog: 0.0 seconds
[2026-05-03 17:55:36.213857] [openram.globals/cleanup_paths]: Preserving temp directory: /home/ajay/OpenRAM/macros/sky130_sram_1kbyte_1rw_32x256_32/tmp/
[2026-05-03 17:55:36.213928] ** End: 314.7 seconds
